#
# There is insufficient memory for the Java Runtime Environment to continue.
# Native memory allocation (malloc) failed to allocate 1234256 bytes. Error detail: Chunk::new
# Possible reasons:
#   The system is out of physical RAM or swap space
#   This process is running with CompressedOops enabled, and the Java Heap may be blocking the growth of the native heap
# Possible solutions:
#   Reduce memory load on the system
#   Increase physical memory or swap space
#   Check if swap backing store is full
#   Decrease Java heap size (-Xmx/-Xms)
#   Decrease number of Java threads
#   Decrease Java thread stack sizes (-Xss)
#   Set larger code cache with -XX:ReservedCodeCacheSize=
#   JVM is running with Unscaled Compressed Oops mode in which the Java heap is
#     placed in the first 4GB address space. The Java Heap base address is the
#     maximum limit for the native heap growth. Please use -XX:HeapBaseMinAddress
#     to set the Java Heap base and to place the Java Heap above 4GB virtual address.
# This output file may be truncated or incomplete.
#
#  Out of Memory Error (arena.cpp:168), pid=26972, tid=7576
#
# JRE version: OpenJDK Runtime Environment Temurin-21.0.10+7 (21.0.10+7) (build 21.0.10+7-LTS)
# Java VM: OpenJDK 64-Bit Server VM Temurin-21.0.10+7 (21.0.10+7-LTS, mixed mode, sharing, tiered, compressed oops, compressed class ptrs, parallel gc, windows-amd64)
# No core dump will be written. Minidumps are not enabled by default on client versions of Windows
#

---------------  S U M M A R Y ------------

Command Line: --add-modules=ALL-SYSTEM --add-opens=java.base/java.util=ALL-UNNAMED --add-opens=java.base/java.lang=ALL-UNNAMED --add-opens=java.base/sun.nio.fs=ALL-UNNAMED -Declipse.application=org.eclipse.jdt.ls.core.id1 -Dosgi.bundles.defaultStartLevel=4 -Declipse.product=org.eclipse.jdt.ls.core.product -Djava.import.generatesMetadataFilesAtProjectRoot=false -DDetectVMInstallationsJob.disabled=true -Dfile.encoding=utf8 -XX:+UseParallelGC -XX:GCTimeRatio=4 -XX:AdaptiveSizePolicyWeight=90 -Dsun.zip.disableMemoryMapping=true -Xmx2G -Xms100m -Xlog:disable -javaagent:c:\Users\hmfar\.vscode\extensions\redhat.java-1.54.0-win32-x64\lombok\lombok-1.18.39-4050.jar -XX:+HeapDumpOnOutOfMemoryError -XX:HeapDumpPath=c:\Users\hmfar\AppData\Roaming\Code\User\workspaceStorage\b6be3db273aae4f6e34850daa762c5b9\redhat.java -Daether.dependencyCollector.impl=bf c:\Users\hmfar\.vscode\extensions\redhat.java-1.54.0-win32-x64\server\plugins\org.eclipse.equinox.launcher_1.7.100.v20251111-0406.jar -configuration c:\Users\hmfar\AppData\Roaming\Code\User\globalStorage\redhat.java\1.54.0\config_win -data c:\Users\hmfar\AppData\Roaming\Code\User\workspaceStorage\b6be3db273aae4f6e34850daa762c5b9\redhat.java\jdt_ws --pipe=\\.\pipe\lsp-75a88961acbc167515ded8770b4f4139-sock

Host: 11th Gen Intel(R) Core(TM) i5-11300H @ 3.10GHz, 8 cores, 7G,  Windows 11 , 64 bit Build 26100 (10.0.26100.8246)
Time: Thu May  7 23:52:17 2026 Bangladesh Standard Time elapsed time: 4738.519973 seconds (0d 1h 18m 58s)

---------------  T H R E A D  ---------------

Current thread (0x000000006725df30):  JavaThread "C2 CompilerThread1" daemon [_thread_in_native, id=7576, stack(0x0000000068600000,0x0000000068700000) (1024K)]


Current CompileTask:
C2:4738520 19125       4       org.eclipse.jdt.internal.compiler.classfmt.ModuleInfo::readModuleAttribute (1166 bytes)

Stack: [0x0000000068600000,0x0000000068700000]
Native frames: (J=compiled Java code, j=interpreted, Vv=VM code, C=native code)
V  [jvm.dll+0x6d7a39]
V  [jvm.dll+0x8b4b26]
V  [jvm.dll+0x8b70de]
V  [jvm.dll+0x8b77c3]
V  [jvm.dll+0x284346]
V  [jvm.dll+0xc66ed]
V  [jvm.dll+0xc6c31]
V  [jvm.dll+0x2fb29e]
V  [jvm.dll+0x5fe884]
V  [jvm.dll+0x255b17]
V  [jvm.dll+0x255edd]
V  [jvm.dll+0x24e500]
V  [jvm.dll+0x24ba42]
V  [jvm.dll+0x1cb34e]
V  [jvm.dll+0x25b85d]
V  [jvm.dll+0x259dea]
V  [jvm.dll+0x3f857e]
V  [jvm.dll+0x85f59d]
V  [jvm.dll+0x6d626d]
C  [ucrtbase.dll+0x37b0]
C  [KERNEL32.DLL+0x2e8d7]
C  [ntdll.dll+0x8c3fc]


---------------  P R O C E S S  ---------------

Threads class SMR info:
_java_thread_list=0x0000000067b55b30, length=51, elements={
0x000000000060b950, 0x0000000002cc8610, 0x0000000002ccdda0, 0x0000000019685620,
0x0000000019688190, 0x000000001968f580, 0x000000001968ffe0, 0x0000000019699490,
0x000000005c96c0d0, 0x000000005cb4d290, 0x000000005cc29fa0, 0x00000000616737a0,
0x000000005cb53350, 0x000000005cb42ff0, 0x000000005cb45a80, 0x00000000618d10a0,
0x0000000061c4a310, 0x0000000061ff7820, 0x0000000061f10580, 0x0000000061f112a0,
0x0000000061f11930, 0x0000000061f10c10, 0x0000000064c2d880, 0x0000000064c2ec30,
0x0000000064c2f2c0, 0x0000000064c2f950, 0x0000000064c2df10, 0x0000000064c2ffe0,
0x0000000064c30670, 0x0000000064c2d1f0, 0x0000000064c2e5a0, 0x0000000066e41ef0,
0x0000000066e43930, 0x00000000650a43c0, 0x0000000061c88a30, 0x0000000061c8b190,
0x0000000061c89de0, 0x0000000061c8a470, 0x0000000061c8b820, 0x0000000061c8ab00,
0x0000000061c890c0, 0x0000000061c8c540, 0x0000000061c89750, 0x0000000061c8d260,
0x0000000061c8eca0, 0x0000000061c8d8f0, 0x0000000066e43fc0, 0x0000000066e42c10,
0x000000006725df30, 0x000000006725bd20, 0x000000007a63b4e0
}

Java Threads: ( => current thread )
  0x000000000060b950 JavaThread "main"                              [_thread_blocked, id=2560, stack(0x00000000021c0000,0x00000000022c0000) (1024K)]
  0x0000000002cc8610 JavaThread "Reference Handler"          daemon [_thread_blocked, id=18808, stack(0x000000005c220000,0x000000005c320000) (1024K)]
  0x0000000002ccdda0 JavaThread "Finalizer"                  daemon [_thread_blocked, id=23156, stack(0x000000005c320000,0x000000005c420000) (1024K)]
  0x0000000019685620 JavaThread "Signal Dispatcher"          daemon [_thread_blocked, id=18848, stack(0x000000005c420000,0x000000005c520000) (1024K)]
  0x0000000019688190 JavaThread "Attach Listener"            daemon [_thread_blocked, id=25944, stack(0x000000005c520000,0x000000005c620000) (1024K)]
  0x000000001968f580 JavaThread "Service Thread"             daemon [_thread_blocked, id=8428, stack(0x000000005c620000,0x000000005c720000) (1024K)]
  0x000000001968ffe0 JavaThread "Monitor Deflation Thread"   daemon [_thread_blocked, id=4512, stack(0x000000005c720000,0x000000005c820000) (1024K)]
  0x0000000019699490 JavaThread "C2 CompilerThread0"         daemon [_thread_blocked, id=14484, stack(0x000000005c820000,0x000000005c920000) (1024K)]
  0x000000005c96c0d0 JavaThread "C1 CompilerThread0"         daemon [_thread_blocked, id=3368, stack(0x000000005cd20000,0x000000005ce20000) (1024K)]
  0x000000005cb4d290 JavaThread "Common-Cleaner"             daemon [_thread_blocked, id=13656, stack(0x0000000061000000,0x0000000061100000) (1024K)]
  0x000000005cc29fa0 JavaThread "Notification Thread"        daemon [_thread_blocked, id=18632, stack(0x0000000061900000,0x0000000061a00000) (1024K)]
  0x00000000616737a0 JavaThread "Active Thread: Equinox Container: 2be4c039-aed2-40a3-9e75-ec254e708199"        [_thread_blocked, id=9092, stack(0x0000000063130000,0x0000000063230000) (1024K)]
  0x000000005cb53350 JavaThread "Refresh Thread: Equinox Container: 2be4c039-aed2-40a3-9e75-ec254e708199" daemon [_thread_blocked, id=23204, stack(0x0000000063230000,0x0000000063330000) (1024K)]
  0x000000005cb42ff0 JavaThread "Framework Event Dispatcher: Equinox Container: 2be4c039-aed2-40a3-9e75-ec254e708199" daemon [_thread_blocked, id=27408, stack(0x0000000063330000,0x0000000063430000) (1024K)]
  0x000000005cb45a80 JavaThread "Start Level: Equinox Container: 2be4c039-aed2-40a3-9e75-ec254e708199" daemon [_thread_blocked, id=20944, stack(0x0000000063430000,0x0000000063530000) (1024K)]
  0x00000000618d10a0 JavaThread "Bundle File Closer"         daemon [_thread_blocked, id=21824, stack(0x0000000063730000,0x0000000063830000) (1024K)]
  0x0000000061c4a310 JavaThread "SCR Component Actor"        daemon [_thread_blocked, id=17520, stack(0x0000000063630000,0x0000000063730000) (1024K)]
  0x0000000061ff7820 JavaThread "Worker-JM"                         [_thread_blocked, id=3084, stack(0x0000000063a30000,0x0000000063b30000) (1024K)]
  0x0000000061f10580 JavaThread "JNA Cleaner"                daemon [_thread_blocked, id=16396, stack(0x0000000063e70000,0x0000000063f70000) (1024K)]
  0x0000000061f112a0 JavaThread "Java indexing"              daemon [_thread_blocked, id=25540, stack(0x0000000063930000,0x0000000063a30000) (1024K)]
  0x0000000061f11930 JavaThread "Worker-2"                          [_thread_blocked, id=11516, stack(0x0000000066930000,0x0000000066a30000) (1024K)]
  0x0000000061f10c10 JavaThread "Thread-1"                   daemon [_thread_in_native, id=9020, stack(0x0000000065140000,0x0000000065240000) (1024K)]
  0x0000000064c2d880 JavaThread "Thread-2"                   daemon [_thread_in_native, id=25720, stack(0x0000000065240000,0x0000000065340000) (1024K)]
  0x0000000064c2ec30 JavaThread "Thread-3"                   daemon [_thread_in_native, id=7532, stack(0x0000000066640000,0x0000000066740000) (1024K)]
  0x0000000064c2f2c0 JavaThread "Thread-4"                   daemon [_thread_in_native, id=26292, stack(0x0000000067c00000,0x0000000067d00000) (1024K)]
  0x0000000064c2f950 JavaThread "Thread-5"                   daemon [_thread_in_native, id=1616, stack(0x0000000067d00000,0x0000000067e00000) (1024K)]
  0x0000000064c2df10 JavaThread "Thread-6"                   daemon [_thread_in_native, id=20456, stack(0x0000000067e00000,0x0000000067f00000) (1024K)]
  0x0000000064c2ffe0 JavaThread "Thread-7"                   daemon [_thread_in_native, id=8888, stack(0x0000000067f00000,0x0000000068000000) (1024K)]
  0x0000000064c30670 JavaThread "Thread-8"                   daemon [_thread_in_native, id=10580, stack(0x0000000068000000,0x0000000068100000) (1024K)]
  0x0000000064c2d1f0 JavaThread "Thread-9"                   daemon [_thread_in_native, id=18368, stack(0x0000000068100000,0x0000000068200000) (1024K)]
  0x0000000064c2e5a0 JavaThread "pool-2-thread-1"                   [_thread_blocked, id=12468, stack(0x0000000068200000,0x0000000068300000) (1024K)]
  0x0000000066e41ef0 JavaThread "WorkspaceEventsHandler"            [_thread_blocked, id=4372, stack(0x0000000068300000,0x0000000068400000) (1024K)]
  0x0000000066e43930 JavaThread "pool-1-thread-1"                   [_thread_blocked, id=25528, stack(0x0000000068400000,0x0000000068500000) (1024K)]
  0x00000000650a43c0 JavaThread "Cleaner-0"                  daemon [_thread_blocked, id=24788, stack(0x0000000068d00000,0x0000000068e00000) (1024K)]
  0x0000000061c88a30 JavaThread "Java Debug Server"          daemon [_thread_in_native, id=24460, stack(0x00000000007d0000,0x00000000008d0000) (1024K)]
  0x0000000061c8b190 JavaThread "pool-5-thread-1"                   [_thread_in_native, id=22164, stack(0x0000000063830000,0x0000000063930000) (1024K)]
  0x0000000061c89de0 JavaThread "RxSchedulerPurge-1"         daemon [_thread_blocked, id=9320, stack(0x0000000066490000,0x0000000066590000) (1024K)]
  0x0000000061c8a470 JavaThread "RxCachedWorkerPoolEvictor-1" daemon [_thread_blocked, id=19316, stack(0x0000000072790000,0x0000000072890000) (1024K)]
  0x0000000061c8b820 JavaThread "RxNewThreadScheduler-1"     daemon [_thread_blocked, id=28288, stack(0x00000000006d0000,0x00000000007d0000) (1024K)]
  0x0000000061c8ab00 JavaThread "process reaper (pid 16236)" daemon [_thread_in_native, id=26028, stack(0x00000000009a0000,0x00000000009c0000) (128K)]
  0x0000000061c890c0 JavaThread "ForkJoinPool.commonPool-worker-8" daemon [_thread_blocked, id=27572, stack(0x0000000064070000,0x0000000064170000) (1024K)]
  0x0000000061c8c540 JavaThread "ForkJoinPool.commonPool-worker-9" daemon [_thread_blocked, id=18812, stack(0x0000000066390000,0x0000000066490000) (1024K)]
  0x0000000061c89750 JavaThread "Worker-5: Publish Diagnostics"        [_thread_blocked, id=22588, stack(0x0000000066a30000,0x0000000066b30000) (1024K)]
  0x0000000061c8d260 JavaThread "ForkJoinPool.commonPool-worker-11" daemon [_thread_blocked, id=21368, stack(0x0000000066b30000,0x0000000066c30000) (1024K)]
  0x0000000061c8eca0 JavaThread "ForkJoinPool.commonPool-worker-12" daemon [_thread_blocked, id=27320, stack(0x0000000068500000,0x0000000068600000) (1024K)]
  0x0000000061c8d8f0 JavaThread "ForkJoinPool.commonPool-worker-14" daemon [_thread_blocked, id=18484, stack(0x0000000068700000,0x0000000068800000) (1024K)]
  0x0000000066e43fc0 JavaThread "ForkJoinPool.commonPool-worker-16" daemon [_thread_blocked, id=23884, stack(0x0000000063f70000,0x0000000064070000) (1024K)]
  0x0000000066e42c10 JavaThread "ForkJoinPool.commonPool-worker-15" daemon [_thread_blocked, id=13208, stack(0x0000000066740000,0x0000000066840000) (1024K)]
=>0x000000006725df30 JavaThread "C2 CompilerThread1"         daemon [_thread_in_native, id=7576, stack(0x0000000068600000,0x0000000068700000) (1024K)]
  0x000000006725bd20 JavaThread "C2 CompilerThread2"         daemon [_thread_in_native, id=536, stack(0x0000000068800000,0x0000000068900000) (1024K)]
  0x000000007a63b4e0 JavaThread "pool-1-thread-2"                   [_thread_blocked, id=15100, stack(0x0000000068900000,0x0000000068a00000) (1024K)]
Total: 51

Other Threads:
  0x0000000019682d40 VMThread "VM Thread"                           [id=19740, stack(0x000000005c120000,0x000000005c220000) (1024K)]
  0x0000000002c7de30 WatcherThread "VM Periodic Task Thread"        [id=11412, stack(0x0000000002ac0000,0x0000000002bc0000) (1024K)]
  0x0000000002c2cd20 WorkerThread "GC Thread#0"                     [id=25712, stack(0x00000000029c0000,0x0000000002ac0000) (1024K)]
  0x0000000061b45490 WorkerThread "GC Thread#1"                     [id=21412, stack(0x0000000061a00000,0x0000000061b00000) (1024K)]
  0x0000000061b46350 WorkerThread "GC Thread#2"                     [id=5760, stack(0x0000000062c30000,0x0000000062d30000) (1024K)]
  0x0000000061b45fa0 WorkerThread "GC Thread#3"                     [id=25124, stack(0x0000000062d30000,0x0000000062e30000) (1024K)]
  0x0000000061b45840 WorkerThread "GC Thread#4"                     [id=5952, stack(0x0000000062e30000,0x0000000062f30000) (1024K)]
  0x0000000061b46e60 WorkerThread "GC Thread#5"                     [id=24956, stack(0x0000000062f30000,0x0000000063030000) (1024K)]
  0x0000000061b45bf0 WorkerThread "GC Thread#6"                     [id=23696, stack(0x0000000063030000,0x0000000063130000) (1024K)]
  0x0000000061b46ab0 WorkerThread "GC Thread#7"                     [id=22564, stack(0x000000005ce20000,0x000000005cf20000) (1024K)]
Total: 10

Threads with active compile tasks:
C2 CompilerThread0  4739584 19153       4       org.eclipse.jdt.internal.core.Openable::getBuffer (45 bytes)
C2 CompilerThread1  4739585 19125       4       org.eclipse.jdt.internal.compiler.classfmt.ModuleInfo::readModuleAttribute (1166 bytes)
C2 CompilerThread2  4739585 19142   !   4       lombok.eclipse.handlers.EclipseHandlerUtil::copyTypeAnns (122 bytes)
Total: 3

VM state: at safepoint (normal execution)

VM Mutex/Monitor currently owned by a thread:  ([mutex/lock_event])
[0x00007ffadb50e560] Threads_lock - owner thread: 0x0000000019682d40
[0x00007ffadb50e660] Heap_lock - owner thread: 0x0000000061c89750

Heap address: 0x0000000080000000, size: 2048 MB, Compressed Oops mode: 32-bit

CDS archive(s) mapped at: [0x000000001a000000-0x000000001aba0000-0x000000001aba0000), size 12189696, SharedBaseAddress: 0x000000001a000000, ArchiveRelocationMode: 1.
Compressed class space mapped at: 0x000000001b000000-0x000000005b000000, reserved size: 1073741824
Narrow klass base: 0x000000001a000000, Narrow klass shift: 0, Narrow klass range: 0x100000000

GC Precious Log:
 CardTable entry size: 512
 CPUs: 8 total, 8 available
 Memory: 7975M
 Large Page Support: Disabled
 NUMA Support: Disabled
 Compressed Oops: Enabled (32-bit)
 Alignments: Space 512K, Generation 512K, Heap 2M
 Heap Min Capacity: 100M
 Heap Initial Capacity: 100M
 Heap Max Capacity: 2G
 Pre-touch: Disabled
 Parallel Workers: 8

Heap:
 PSYoungGen      total 8704K, used 816K [0x00000000d5580000, 0x00000000d5f00000, 0x0000000100000000)
  eden space 7680K, 0% used [0x00000000d5580000,0x00000000d5580000,0x00000000d5d00000)
  from space 1024K, 79% used [0x00000000d5d00000,0x00000000d5dcc010,0x00000000d5e00000)
  to   space 1024K, 0% used [0x00000000d5e00000,0x00000000d5e00000,0x00000000d5f00000)
 ParOldGen       total 257536K, used 257145K [0x0000000080000000, 0x000000008fb80000, 0x00000000d5580000)
  object space 257536K, 99% used [0x0000000080000000,0x000000008fb1e698,0x000000008fb80000)
 Metaspace       used 88013K, committed 89600K, reserved 1179648K
  class space    used 9138K, committed 9856K, reserved 1048576K

Card table byte_map: [0x00000000025b0000,0x00000000029c0000] _byte_map_base: 0x00000000021b0000

Marking Bits: (ParMarkBitMap*) 0x00007ffadb513450
 Begin Bits: [0x00000000150c0000, 0x00000000170c0000)
 End Bits:   [0x00000000170c0000, 0x00000000190c0000)

Polling page: 0x0000000000900000

Metaspace:

Usage:
  Non-class:     77.03 MB used.
      Class:      8.92 MB used.
       Both:     85.95 MB used.

Virtual space:
  Non-class space:      128.00 MB reserved,      77.88 MB ( 61%) committed,  2 nodes.
      Class space:        1.00 GB reserved,       9.62 MB ( <1%) committed,  1 nodes.
             Both:        1.12 GB reserved,      87.50 MB (  8%) committed. 

Chunk freelists:
   Non-Class:  2.04 MB
       Class:  6.33 MB
        Both:  8.37 MB

MaxMetaspaceSize: unlimited
CompressedClassSpaceSize: 1.00 GB
Initial GC threshold: 21.00 MB
Current GC threshold: 135.88 MB
CDS: on
 - commit_granule_bytes: 65536.
 - commit_granule_words: 8192.
 - virtual_space_node_default_size: 8388608.
 - enlarge_chunks_in_place: 1.
 - use_allocation_guard: 0.


Internal statistics:

num_allocs_failed_limit: 11.
num_arena_births: 1788.
num_arena_deaths: 498.
num_vsnodes_births: 3.
num_vsnodes_deaths: 0.
num_space_committed: 1400.
num_space_uncommitted: 0.
num_chunks_returned_to_freelist: 607.
num_chunks_taken_from_freelist: 6249.
num_chunk_merges: 188.
num_chunk_splits: 3566.
num_chunks_enlarged: 1955.
num_inconsistent_stats: 0.

CodeHeap 'non-profiled nmethods': size=120000Kb used=16700Kb max_used=16700Kb free=103299Kb
 bounds [0x000000000d8e0000, 0x000000000e930000, 0x0000000014e10000]
CodeHeap 'profiled nmethods': size=120000Kb used=44472Kb max_used=44472Kb free=75527Kb
 bounds [0x0000000005e10000, 0x0000000008980000, 0x000000000d340000]
CodeHeap 'non-nmethods': size=5760Kb used=1553Kb max_used=1624Kb free=4206Kb
 bounds [0x000000000d340000, 0x000000000d5b0000, 0x000000000d8e0000]
CodeCache: size=245760Kb, used=62725Kb, max_used=62796Kb, free=183032Kb
 total_blobs=18431, nmethods=17574, adapters=758, full_count=0
Compilation: enabled, stopped_count=0, restarted_count=0

Compilation events (20 events):
Event: 4737.492 Thread 0x000000005c96c0d0 nmethod 19169 0x000000000e925b10 code [0x000000000e925ca0, 0x000000000e925d68]
Event: 4737.492 Thread 0x000000005c96c0d0 19170       1       org.eclipse.jdt.internal.compiler.flow.FlowContext::recordFinalAssignment (2 bytes)
Event: 4737.492 Thread 0x000000005c96c0d0 nmethod 19170 0x000000000e925e10 code [0x000000000e925fa0, 0x000000000e926068]
Event: 4737.493 Thread 0x000000005c96c0d0 19174       3       org.eclipse.jdt.internal.compiler.lookup.TypeSystem::getRawType (279 bytes)
Event: 4737.494 Thread 0x000000005c96c0d0 nmethod 19174 0x0000000008942b90 code [0x0000000008942ea0, 0x0000000008944758]
Event: 4737.494 Thread 0x000000005c96c0d0 19175       3       java.util.HashMap::containsValue (89 bytes)
Event: 4737.495 Thread 0x000000005c96c0d0 nmethod 19175 0x0000000008944f10 code [0x00000000089450e0, 0x0000000008945568]
Event: 4737.495 Thread 0x000000005c96c0d0 19177       3       org.eclipse.jdt.internal.compiler.codegen.BranchLabel::forwardReferenceCount (20 bytes)
Event: 4737.495 Thread 0x000000005c96c0d0 nmethod 19177 0x0000000008945710 code [0x00000000089458e0, 0x0000000008945b68]
Event: 4737.497 Thread 0x000000005c96c0d0 19178       3       org.eclipse.jdt.internal.compiler.lookup.MethodScope::computeLocalVariablePositions (370 bytes)
Event: 4737.499 Thread 0x000000005c96c0d0 nmethod 19178 0x0000000008945c90 code [0x0000000008945fa0, 0x00000000089473c8]
Event: 4737.502 Thread 0x000000005c96c0d0 19179       3       org.eclipse.jdt.core.dom.SimpleType::<init> (6 bytes)
Event: 4737.502 Thread 0x000000005c96c0d0 nmethod 19179 0x0000000008947b10 code [0x0000000008947cc0, 0x0000000008947df8]
Event: 4737.502 Thread 0x000000005c96c0d0 19180       2       org.eclipse.jdt.core.dom.ASTConverter::convert (871 bytes)
Event: 4737.504 Thread 0x000000005c96c0d0 nmethod 19180 0x0000000008947e90 code [0x00000000089486a0, 0x000000000894afe8]
Event: 4737.505 Thread 0x000000005c96c0d0 19182       2       org.eclipse.jdt.core.dom.ASTConverter::convert (125 bytes)
Event: 4737.506 Thread 0x000000005c96c0d0 nmethod 19182 0x000000000894bd90 code [0x000000000894bfa0, 0x000000000894c3a8]
Event: 4737.506 Thread 0x000000005c96c0d0 19184       3       org.eclipse.jdt.core.dom.ASTConverter::convert (774 bytes)
Event: 4737.510 Thread 0x000000005c96c0d0 nmethod 19184 0x000000000894c690 code [0x000000000894ccc0, 0x000000000894fd60]
Event: 4737.510 Thread 0x000000005c96c0d0 19186       3       org.eclipse.jdt.core.dom.ASTConverter::convertType (2901 bytes)

GC Heap History (20 events):
Event: 4737.264 GC heap after
{Heap after GC invocations=645 (full 4):
 PSYoungGen      total 6144K, used 679K [0x00000000d5580000, 0x00000000d5d00000, 0x0000000100000000)
  eden space 5120K, 0% used [0x00000000d5580000,0x00000000d5580000,0x00000000d5a80000)
  from space 1024K, 66% used [0x00000000d5a80000,0x00000000d5b29e20,0x00000000d5b80000)
  to   space 1024K, 0% used [0x00000000d5c00000,0x00000000d5c00000,0x00000000d5d00000)
 ParOldGen       total 254464K, used 245539K [0x0000000080000000, 0x000000008f880000, 0x00000000d5580000)
  object space 254464K, 96% used [0x0000000080000000,0x000000008efc8f48,0x000000008f880000)
 Metaspace       used 87986K, committed 89536K, reserved 1179648K
  class space    used 9138K, committed 9856K, reserved 1048576K
}
Event: 4737.360 GC heap before
{Heap before GC invocations=646 (full 4):
 PSYoungGen      total 6144K, used 5799K [0x00000000d5580000, 0x00000000d5d00000, 0x0000000100000000)
  eden space 5120K, 100% used [0x00000000d5580000,0x00000000d5a80000,0x00000000d5a80000)
  from space 1024K, 66% used [0x00000000d5a80000,0x00000000d5b29e20,0x00000000d5b80000)
  to   space 1024K, 0% used [0x00000000d5c00000,0x00000000d5c00000,0x00000000d5d00000)
 ParOldGen       total 254464K, used 245539K [0x0000000080000000, 0x000000008f880000, 0x00000000d5580000)
  object space 254464K, 96% used [0x0000000080000000,0x000000008efc8f48,0x000000008f880000)
 Metaspace       used 87986K, committed 89536K, reserved 1179648K
  class space    used 9138K, committed 9856K, reserved 1048576K
}
Event: 4737.361 GC heap after
{Heap after GC invocations=646 (full 4):
 PSYoungGen      total 6144K, used 677K [0x00000000d5580000, 0x00000000d5d00000, 0x0000000100000000)
  eden space 5120K, 0% used [0x00000000d5580000,0x00000000d5580000,0x00000000d5a80000)
  from space 1024K, 66% used [0x00000000d5c00000,0x00000000d5ca9780,0x00000000d5d00000)
  to   space 1024K, 0% used [0x00000000d5a80000,0x00000000d5a80000,0x00000000d5b80000)
 ParOldGen       total 254464K, used 245806K [0x0000000080000000, 0x000000008f880000, 0x00000000d5580000)
  object space 254464K, 96% used [0x0000000080000000,0x000000008f00b8e8,0x000000008f880000)
 Metaspace       used 87986K, committed 89536K, reserved 1179648K
  class space    used 9138K, committed 9856K, reserved 1048576K
}
Event: 4737.373 GC heap before
{Heap before GC invocations=647 (full 4):
 PSYoungGen      total 6144K, used 5797K [0x00000000d5580000, 0x00000000d5d00000, 0x0000000100000000)
  eden space 5120K, 100% used [0x00000000d5580000,0x00000000d5a80000,0x00000000d5a80000)
  from space 1024K, 66% used [0x00000000d5c00000,0x00000000d5ca9780,0x00000000d5d00000)
  to   space 1024K, 0% used [0x00000000d5a80000,0x00000000d5a80000,0x00000000d5b80000)
 ParOldGen       total 254464K, used 245806K [0x0000000080000000, 0x000000008f880000, 0x00000000d5580000)
  object space 254464K, 96% used [0x0000000080000000,0x000000008f00b8e8,0x000000008f880000)
 Metaspace       used 87987K, committed 89536K, reserved 1179648K
  class space    used 9138K, committed 9856K, reserved 1048576K
}
Event: 4737.375 GC heap after
{Heap after GC invocations=647 (full 4):
 PSYoungGen      total 6144K, used 992K [0x00000000d5580000, 0x00000000d5e80000, 0x0000000100000000)
  eden space 5120K, 0% used [0x00000000d5580000,0x00000000d5580000,0x00000000d5a80000)
  from space 1024K, 96% used [0x00000000d5a80000,0x00000000d5b78020,0x00000000d5b80000)
  to   space 2048K, 0% used [0x00000000d5c80000,0x00000000d5c80000,0x00000000d5e80000)
 ParOldGen       total 254464K, used 246345K [0x0000000080000000, 0x000000008f880000, 0x00000000d5580000)
  object space 254464K, 96% used [0x0000000080000000,0x000000008f092760,0x000000008f880000)
 Metaspace       used 87987K, committed 89536K, reserved 1179648K
  class space    used 9138K, committed 9856K, reserved 1048576K
}
Event: 4737.382 GC heap before
{Heap before GC invocations=648 (full 4):
 PSYoungGen      total 6144K, used 6112K [0x00000000d5580000, 0x00000000d5e80000, 0x0000000100000000)
  eden space 5120K, 100% used [0x00000000d5580000,0x00000000d5a80000,0x00000000d5a80000)
  from space 1024K, 96% used [0x00000000d5a80000,0x00000000d5b78020,0x00000000d5b80000)
  to   space 2048K, 0% used [0x00000000d5c80000,0x00000000d5c80000,0x00000000d5e80000)
 ParOldGen       total 254464K, used 246345K [0x0000000080000000, 0x000000008f880000, 0x00000000d5580000)
  object space 254464K, 96% used [0x0000000080000000,0x000000008f092760,0x000000008f880000)
 Metaspace       used 87987K, committed 89536K, reserved 1179648K
  class space    used 9138K, committed 9856K, reserved 1048576K
}
Event: 4737.384 GC heap after
{Heap after GC invocations=648 (full 4):
 PSYoungGen      total 6144K, used 640K [0x00000000d5580000, 0x00000000d5d80000, 0x0000000100000000)
  eden space 5120K, 0% used [0x00000000d5580000,0x00000000d5580000,0x00000000d5a80000)
  from space 1024K, 62% used [0x00000000d5c80000,0x00000000d5d20020,0x00000000d5d80000)
  to   space 1024K, 0% used [0x00000000d5a80000,0x00000000d5a80000,0x00000000d5b80000)
 ParOldGen       total 254464K, used 247317K [0x0000000080000000, 0x000000008f880000, 0x00000000d5580000)
  object space 254464K, 97% used [0x0000000080000000,0x000000008f185790,0x000000008f880000)
 Metaspace       used 87987K, committed 89536K, reserved 1179648K
  class space    used 9138K, committed 9856K, reserved 1048576K
}
Event: 4737.396 GC heap before
{Heap before GC invocations=649 (full 4):
 PSYoungGen      total 6144K, used 5760K [0x00000000d5580000, 0x00000000d5d80000, 0x0000000100000000)
  eden space 5120K, 100% used [0x00000000d5580000,0x00000000d5a80000,0x00000000d5a80000)
  from space 1024K, 62% used [0x00000000d5c80000,0x00000000d5d20020,0x00000000d5d80000)
  to   space 1024K, 0% used [0x00000000d5a80000,0x00000000d5a80000,0x00000000d5b80000)
 ParOldGen       total 254464K, used 247317K [0x0000000080000000, 0x000000008f880000, 0x00000000d5580000)
  object space 254464K, 97% used [0x0000000080000000,0x000000008f185790,0x000000008f880000)
 Metaspace       used 87987K, committed 89536K, reserved 1179648K
  class space    used 9138K, committed 9856K, reserved 1048576K
}
Event: 4737.398 GC heap after
{Heap after GC invocations=649 (full 4):
 PSYoungGen      total 6144K, used 576K [0x00000000d5580000, 0x00000000d5d00000, 0x0000000100000000)
  eden space 5120K, 0% used [0x00000000d5580000,0x00000000d5580000,0x00000000d5a80000)
  from space 1024K, 56% used [0x00000000d5a80000,0x00000000d5b10000,0x00000000d5b80000)
  to   space 1024K, 0% used [0x00000000d5c00000,0x00000000d5c00000,0x00000000d5d00000)
 ParOldGen       total 254464K, used 247802K [0x0000000080000000, 0x000000008f880000, 0x00000000d5580000)
  object space 254464K, 97% used [0x0000000080000000,0x000000008f1fe800,0x000000008f880000)
 Metaspace       used 87987K, committed 89536K, reserved 1179648K
  class space    used 9138K, committed 9856K, reserved 1048576K
}
Event: 4737.410 GC heap before
{Heap before GC invocations=650 (full 4):
 PSYoungGen      total 6144K, used 5696K [0x00000000d5580000, 0x00000000d5d00000, 0x0000000100000000)
  eden space 5120K, 100% used [0x00000000d5580000,0x00000000d5a80000,0x00000000d5a80000)
  from space 1024K, 56% used [0x00000000d5a80000,0x00000000d5b10000,0x00000000d5b80000)
  to   space 1024K, 0% used [0x00000000d5c00000,0x00000000d5c00000,0x00000000d5d00000)
 ParOldGen       total 254464K, used 247802K [0x0000000080000000, 0x000000008f880000, 0x00000000d5580000)
  object space 254464K, 97% used [0x0000000080000000,0x000000008f1fe800,0x000000008f880000)
 Metaspace       used 87987K, committed 89536K, reserved 1179648K
  class space    used 9138K, committed 9856K, reserved 1048576K
}
Event: 4737.411 GC heap after
{Heap after GC invocations=650 (full 4):
 PSYoungGen      total 6144K, used 560K [0x00000000d5580000, 0x00000000d5d00000, 0x0000000100000000)
  eden space 5120K, 0% used [0x00000000d5580000,0x00000000d5580000,0x00000000d5a80000)
  from space 1024K, 54% used [0x00000000d5c00000,0x00000000d5c8c010,0x00000000d5d00000)
  to   space 1024K, 0% used [0x00000000d5a80000,0x00000000d5a80000,0x00000000d5b80000)
 ParOldGen       total 254464K, used 248306K [0x0000000080000000, 0x000000008f880000, 0x00000000d5580000)
  object space 254464K, 97% used [0x0000000080000000,0x000000008f27c8a0,0x000000008f880000)
 Metaspace       used 87987K, committed 89536K, reserved 1179648K
  class space    used 9138K, committed 9856K, reserved 1048576K
}
Event: 4737.417 GC heap before
{Heap before GC invocations=651 (full 4):
 PSYoungGen      total 6144K, used 5680K [0x00000000d5580000, 0x00000000d5d00000, 0x0000000100000000)
  eden space 5120K, 100% used [0x00000000d5580000,0x00000000d5a80000,0x00000000d5a80000)
  from space 1024K, 54% used [0x00000000d5c00000,0x00000000d5c8c010,0x00000000d5d00000)
  to   space 1024K, 0% used [0x00000000d5a80000,0x00000000d5a80000,0x00000000d5b80000)
 ParOldGen       total 254464K, used 248306K [0x0000000080000000, 0x000000008f880000, 0x00000000d5580000)
  object space 254464K, 97% used [0x0000000080000000,0x000000008f27c8a0,0x000000008f880000)
 Metaspace       used 87987K, committed 89536K, reserved 1179648K
  class space    used 9138K, committed 9856K, reserved 1048576K
}
Event: 4737.419 GC heap after
{Heap after GC invocations=651 (full 4):
 PSYoungGen      total 6144K, used 576K [0x00000000d5580000, 0x00000000d5c80000, 0x0000000100000000)
  eden space 5120K, 0% used [0x00000000d5580000,0x00000000d5580000,0x00000000d5a80000)
  from space 1024K, 56% used [0x00000000d5a80000,0x00000000d5b10020,0x00000000d5b80000)
  to   space 1024K, 0% used [0x00000000d5b80000,0x00000000d5b80000,0x00000000d5c80000)
 ParOldGen       total 254464K, used 248754K [0x0000000080000000, 0x000000008f880000, 0x00000000d5580000)
  object space 254464K, 97% used [0x0000000080000000,0x000000008f2ec900,0x000000008f880000)
 Metaspace       used 87987K, committed 89536K, reserved 1179648K
  class space    used 9138K, committed 9856K, reserved 1048576K
}
Event: 4737.425 GC heap before
{Heap before GC invocations=652 (full 4):
 PSYoungGen      total 6144K, used 5696K [0x00000000d5580000, 0x00000000d5c80000, 0x0000000100000000)
  eden space 5120K, 100% used [0x00000000d5580000,0x00000000d5a80000,0x00000000d5a80000)
  from space 1024K, 56% used [0x00000000d5a80000,0x00000000d5b10020,0x00000000d5b80000)
  to   space 1024K, 0% used [0x00000000d5b80000,0x00000000d5b80000,0x00000000d5c80000)
 ParOldGen       total 254464K, used 248754K [0x0000000080000000, 0x000000008f880000, 0x00000000d5580000)
  object space 254464K, 97% used [0x0000000080000000,0x000000008f2ec900,0x000000008f880000)
 Metaspace       used 87987K, committed 89536K, reserved 1179648K
  class space    used 9138K, committed 9856K, reserved 1048576K
}
Event: 4737.427 GC heap after
{Heap after GC invocations=652 (full 4):
 PSYoungGen      total 6144K, used 560K [0x00000000d5580000, 0x00000000d5c80000, 0x0000000100000000)
  eden space 5120K, 0% used [0x00000000d5580000,0x00000000d5580000,0x00000000d5a80000)
  from space 1024K, 54% used [0x00000000d5b80000,0x00000000d5c0c010,0x00000000d5c80000)
  to   space 1024K, 0% used [0x00000000d5a80000,0x00000000d5a80000,0x00000000d5b80000)
 ParOldGen       total 254464K, used 249194K [0x0000000080000000, 0x000000008f880000, 0x00000000d5580000)
  object space 254464K, 97% used [0x0000000080000000,0x000000008f35a940,0x000000008f880000)
 Metaspace       used 87987K, committed 89536K, reserved 1179648K
  class space    used 9138K, committed 9856K, reserved 1048576K
}
Event: 4737.442 GC heap before
{Heap before GC invocations=653 (full 4):
 PSYoungGen      total 6144K, used 5680K [0x00000000d5580000, 0x00000000d5c80000, 0x0000000100000000)
  eden space 5120K, 100% used [0x00000000d5580000,0x00000000d5a80000,0x00000000d5a80000)
  from space 1024K, 54% used [0x00000000d5b80000,0x00000000d5c0c010,0x00000000d5c80000)
  to   space 1024K, 0% used [0x00000000d5a80000,0x00000000d5a80000,0x00000000d5b80000)
 ParOldGen       total 254464K, used 249194K [0x0000000080000000, 0x000000008f880000, 0x00000000d5580000)
  object space 254464K, 97% used [0x0000000080000000,0x000000008f35a940,0x000000008f880000)
 Metaspace       used 87987K, committed 89536K, reserved 1179648K
  class space    used 9138K, committed 9856K, reserved 1048576K
}
Event: 4737.444 GC heap after
{Heap after GC invocations=653 (full 4):
 PSYoungGen      total 6144K, used 928K [0x00000000d5580000, 0x00000000d5c80000, 0x0000000100000000)
  eden space 5120K, 0% used [0x00000000d5580000,0x00000000d5580000,0x00000000d5a80000)
  from space 1024K, 90% used [0x00000000d5a80000,0x00000000d5b68000,0x00000000d5b80000)
  to   space 1024K, 0% used [0x00000000d5b80000,0x00000000d5b80000,0x00000000d5c80000)
 ParOldGen       total 254464K, used 249658K [0x0000000080000000, 0x000000008f880000, 0x00000000d5580000)
  object space 254464K, 98% used [0x0000000080000000,0x000000008f3ce9a0,0x000000008f880000)
 Metaspace       used 87987K, committed 89536K, reserved 1179648K
  class space    used 9138K, committed 9856K, reserved 1048576K
}
Event: 4737.464 GC heap before
{Heap before GC invocations=654 (full 4):
 PSYoungGen      total 6144K, used 6048K [0x00000000d5580000, 0x00000000d5c80000, 0x0000000100000000)
  eden space 5120K, 100% used [0x00000000d5580000,0x00000000d5a80000,0x00000000d5a80000)
  from space 1024K, 90% used [0x00000000d5a80000,0x00000000d5b68000,0x00000000d5b80000)
  to   space 1024K, 0% used [0x00000000d5b80000,0x00000000d5b80000,0x00000000d5c80000)
 ParOldGen       total 254464K, used 249658K [0x0000000080000000, 0x000000008f880000, 0x00000000d5580000)
  object space 254464K, 98% used [0x0000000080000000,0x000000008f3ce9a0,0x000000008f880000)
 Metaspace       used 87989K, committed 89536K, reserved 1179648K
  class space    used 9138K, committed 9856K, reserved 1048576K
}
Event: 4737.466 GC heap after
{Heap after GC invocations=654 (full 4):
 PSYoungGen      total 6144K, used 608K [0x00000000d5580000, 0x00000000d5c80000, 0x0000000100000000)
  eden space 5120K, 0% used [0x00000000d5580000,0x00000000d5580000,0x00000000d5a80000)
  from space 1024K, 59% used [0x00000000d5b80000,0x00000000d5c18000,0x00000000d5c80000)
  to   space 1024K, 0% used [0x00000000d5a80000,0x00000000d5a80000,0x00000000d5b80000)
 ParOldGen       total 254464K, used 250458K [0x0000000080000000, 0x000000008f880000, 0x00000000d5580000)
  object space 254464K, 98% used [0x0000000080000000,0x000000008f4969f0,0x000000008f880000)
 Metaspace       used 87989K, committed 89536K, reserved 1179648K
  class space    used 9138K, committed 9856K, reserved 1048576K
}
Event: 4737.512 GC heap before
{Heap before GC invocations=655 (full 4):
 PSYoungGen      total 6144K, used 5728K [0x00000000d5580000, 0x00000000d5c80000, 0x0000000100000000)
  eden space 5120K, 100% used [0x00000000d5580000,0x00000000d5a80000,0x00000000d5a80000)
  from space 1024K, 59% used [0x00000000d5b80000,0x00000000d5c18000,0x00000000d5c80000)
  to   space 1024K, 0% used [0x00000000d5a80000,0x00000000d5a80000,0x00000000d5b80000)
 ParOldGen       total 254464K, used 250458K [0x0000000080000000, 0x000000008f880000, 0x00000000d5580000)
  object space 254464K, 98% used [0x0000000080000000,0x000000008f4969f0,0x000000008f880000)
 Metaspace       used 87994K, committed 89600K, reserved 1179648K
  class space    used 9138K, committed 9856K, reserved 1048576K
}

Dll operation events (12 events):
Event: 0.045 Loaded shared library c:\Users\hmfar\.vscode\extensions\redhat.java-1.54.0-win32-x64\jre\21.0.10-win32-x86_64\bin\java.dll
Event: 0.220 Loaded shared library c:\Users\hmfar\.vscode\extensions\redhat.java-1.54.0-win32-x64\jre\21.0.10-win32-x86_64\bin\zip.dll
Event: 0.260 Loaded shared library C:\Users\hmfar\.vscode\extensions\redhat.java-1.54.0-win32-x64\jre\21.0.10-win32-x86_64\bin\instrument.dll
Event: 0.266 Loaded shared library C:\Users\hmfar\.vscode\extensions\redhat.java-1.54.0-win32-x64\jre\21.0.10-win32-x86_64\bin\net.dll
Event: 0.269 Loaded shared library C:\Users\hmfar\.vscode\extensions\redhat.java-1.54.0-win32-x64\jre\21.0.10-win32-x86_64\bin\nio.dll
Event: 0.276 Loaded shared library C:\Users\hmfar\.vscode\extensions\redhat.java-1.54.0-win32-x64\jre\21.0.10-win32-x86_64\bin\zip.dll
Event: 0.299 Loaded shared library C:\Users\hmfar\.vscode\extensions\redhat.java-1.54.0-win32-x64\jre\21.0.10-win32-x86_64\bin\jimage.dll
Event: 0.403 Loaded shared library c:\Users\hmfar\.vscode\extensions\redhat.java-1.54.0-win32-x64\jre\21.0.10-win32-x86_64\bin\verify.dll
Event: 11.350 Loaded shared library C:\Users\hmfar\AppData\Roaming\Code\User\globalStorage\redhat.java\1.54.0\config_win\org.eclipse.equinox.launcher\org.eclipse.equinox.launcher.win32.win32.x86_64_1.3.0.v20260203-2149\eclipse_11919.dll
Event: 22.876 Loaded shared library C:\Users\hmfar\AppData\Local\Temp\jna-99394546\jna3959653783482930184.dll
Event: 24.599 Loaded shared library C:\Users\hmfar\.vscode\extensions\redhat.java-1.54.0-win32-x64\jre\21.0.10-win32-x86_64\bin\sunmscapi.dll
Event: 25.120 Loaded shared library C:\Users\hmfar\.vscode\extensions\redhat.java-1.54.0-win32-x64\jre\21.0.10-win32-x86_64\bin\extnet.dll

Deoptimization events (20 events):
Event: 4737.352 Thread 0x0000000061c8d260 Uncommon trap: trap_request=0xffffffd6 fr.pc=0x000000000e8e0320 relative=0x0000000000006c20
Event: 4737.352 Thread 0x0000000061c8d260 Uncommon trap: reason=array_check action=maybe_recompile pc=0x000000000e8e0320 method=org.eclipse.jdt.internal.compiler.classfmt.ModuleInfo.readModuleAttribute(I)V @ 1029 c2
Event: 4737.352 Thread 0x0000000061c8d260 DEOPT PACKING pc=0x000000000e8e0320 sp=0x0000000066c2e430
Event: 4737.352 Thread 0x0000000061c8d260 DEOPT UNPACKING pc=0x000000000d396da2 sp=0x0000000066c2e3d8 mode 2
Event: 4737.352 Thread 0x0000000061c8d260 Uncommon trap: trap_request=0xffffffd6 fr.pc=0x000000000e8e0320 relative=0x0000000000006c20
Event: 4737.352 Thread 0x0000000061c8d260 Uncommon trap: reason=array_check action=maybe_recompile pc=0x000000000e8e0320 method=org.eclipse.jdt.internal.compiler.classfmt.ModuleInfo.readModuleAttribute(I)V @ 1029 c2
Event: 4737.352 Thread 0x0000000061c8d260 DEOPT PACKING pc=0x000000000e8e0320 sp=0x0000000066c2e430
Event: 4737.352 Thread 0x0000000061c8d260 DEOPT UNPACKING pc=0x000000000d396da2 sp=0x0000000066c2e3d8 mode 2
Event: 4737.359 Thread 0x0000000061c8d260 DEOPT PACKING pc=0x000000000890a6fe sp=0x0000000066c2e2f0
Event: 4737.359 Thread 0x0000000061c8d260 DEOPT UNPACKING pc=0x000000000d3978e2 sp=0x0000000066c2d808 mode 0
Event: 4737.389 Thread 0x0000000061c8d8f0 DEOPT PACKING pc=0x00000000087d5fe9 sp=0x00000000687fe6e0
Event: 4737.389 Thread 0x0000000061c8d8f0 DEOPT UNPACKING pc=0x000000000d3978e2 sp=0x00000000687fdc00 mode 0
Event: 4737.473 Thread 0x0000000061c8d260 Uncommon trap: trap_request=0xffffffde fr.pc=0x000000000e82d784 relative=0x0000000000000b84
Event: 4737.473 Thread 0x0000000061c8d260 Uncommon trap: reason=class_check action=maybe_recompile pc=0x000000000e82d784 method=org.eclipse.jdt.internal.compiler.ast.TypeReference.internalResolveType(Lorg/eclipse/jdt/internal/compiler/lookup/Scope;I)Lorg/eclipse/jdt/internal/compiler/lookup/TypeB
Event: 4737.473 Thread 0x0000000061c8d260 DEOPT PACKING pc=0x000000000e82d784 sp=0x0000000066c2e0f0
Event: 4737.473 Thread 0x0000000061c8d260 DEOPT UNPACKING pc=0x000000000d396da2 sp=0x0000000066c2e0d0 mode 2
Event: 4737.492 Thread 0x0000000061c8d260 Uncommon trap: trap_request=0xffffff6e fr.pc=0x000000000e8c97e8 relative=0x0000000000000308
Event: 4737.492 Thread 0x0000000061c8d260 Uncommon trap: reason=loop_limit_check action=maybe_recompile pc=0x000000000e8c97e8 method=org.eclipse.jdt.internal.compiler.codegen.CodeStream.retrieveLocalType(II)Lorg/eclipse/jdt/internal/compiler/lookup/TypeBinding; @ 129 c2
Event: 4737.492 Thread 0x0000000061c8d260 DEOPT PACKING pc=0x000000000e8c97e8 sp=0x0000000066c2e230
Event: 4737.492 Thread 0x0000000061c8d260 DEOPT UNPACKING pc=0x000000000d396da2 sp=0x0000000066c2e180 mode 2

Classes loaded (20 events):
Event: 341.333 Loading class java/io/ObjectOutputStream$HandleTable
Event: 341.333 Loading class java/io/ObjectOutputStream$HandleTable done
Event: 341.333 Loading class java/io/ObjectOutputStream$ReplaceTable
Event: 341.333 Loading class java/io/ObjectOutputStream$ReplaceTable done
Event: 4407.418 Loading class java/lang/StringLatin1$LinesSpliterator
Event: 4407.423 Loading class java/lang/StringLatin1$LinesSpliterator done
Event: 4408.033 Loading class java/util/concurrent/ConcurrentHashMap$TreeNode
Event: 4408.044 Loading class java/util/concurrent/ConcurrentHashMap$TreeNode done
Event: 4408.044 Loading class java/util/concurrent/ConcurrentHashMap$TreeBin
Event: 4408.049 Loading class java/util/concurrent/ConcurrentHashMap$TreeBin done
Event: 4712.606 Loading class java/util/regex/Pattern$Behind
Event: 4712.607 Loading class java/util/regex/Pattern$Behind done
Event: 4712.607 Loading class java/util/regex/Pattern$Neg
Event: 4712.607 Loading class java/util/regex/Pattern$Neg done
Event: 4722.491 Loading class java/util/Spliterators$IntArraySpliterator
Event: 4722.491 Loading class java/util/Spliterators$IntArraySpliterator done
Event: 4736.471 Loading class java/util/function/IntPredicate
Event: 4736.471 Loading class java/util/function/IntPredicate done
Event: 4736.492 Loading class java/util/regex/Pattern$Bound
Event: 4736.493 Loading class java/util/regex/Pattern$Bound done

Classes unloaded (20 events):
Event: 4453.880 Thread 0x0000000019682d40 Unloading class 0x000000001b017400 'java/lang/invoke/LambdaForm$MH+0x000000001b017400'
Event: 4453.880 Thread 0x0000000019682d40 Unloading class 0x000000001b016400 'java/lang/invoke/LambdaForm$MH+0x000000001b016400'
Event: 4453.880 Thread 0x0000000019682d40 Unloading class 0x000000001b00d800 'java/lang/invoke/LambdaForm$MH+0x000000001b00d800'
Event: 4453.880 Thread 0x0000000019682d40 Unloading class 0x000000001b00d400 'java/lang/invoke/LambdaForm$MH+0x000000001b00d400'
Event: 4453.880 Thread 0x0000000019682d40 Unloading class 0x000000001b00d000 'java/lang/invoke/LambdaForm$MH+0x000000001b00d000'
Event: 4453.880 Thread 0x0000000019682d40 Unloading class 0x000000001b00cc00 'java/lang/invoke/LambdaForm$MH+0x000000001b00cc00'
Event: 4453.880 Thread 0x0000000019682d40 Unloading class 0x000000001b00c800 'java/lang/invoke/LambdaForm$BMH+0x000000001b00c800'
Event: 4453.881 Thread 0x0000000019682d40 Unloading class 0x000000001b00c000 'java/lang/invoke/LambdaForm$DMH+0x000000001b00c000'
Event: 4453.881 Thread 0x0000000019682d40 Unloading class 0x000000001b008c00 'java/lang/invoke/LambdaForm$MH+0x000000001b008c00'
Event: 4453.881 Thread 0x0000000019682d40 Unloading class 0x000000001b008800 'java/lang/invoke/LambdaForm$MH+0x000000001b008800'
Event: 4453.881 Thread 0x0000000019682d40 Unloading class 0x000000001b008400 'java/lang/invoke/LambdaForm$MH+0x000000001b008400'
Event: 4453.881 Thread 0x0000000019682d40 Unloading class 0x000000001b007000 'java/lang/invoke/LambdaForm$MH+0x000000001b007000'
Event: 4453.881 Thread 0x0000000019682d40 Unloading class 0x000000001b006800 'java/lang/invoke/LambdaForm$MH+0x000000001b006800'
Event: 4453.881 Thread 0x0000000019682d40 Unloading class 0x000000001b006400 'java/lang/invoke/LambdaForm$MH+0x000000001b006400'
Event: 4453.881 Thread 0x0000000019682d40 Unloading class 0x000000001b006000 'java/lang/invoke/LambdaForm$MH+0x000000001b006000'
Event: 4453.881 Thread 0x0000000019682d40 Unloading class 0x000000001b005c00 'java/lang/invoke/LambdaForm$BMH+0x000000001b005c00'
Event: 4453.881 Thread 0x0000000019682d40 Unloading class 0x000000001b004800 'java/lang/invoke/LambdaForm$DMH+0x000000001b004800'
Event: 4453.881 Thread 0x0000000019682d40 Unloading class 0x000000001b002400 'java/lang/invoke/LambdaForm$MH+0x000000001b002400'
Event: 4453.881 Thread 0x0000000019682d40 Unloading class 0x000000001b002000 'java/lang/invoke/LambdaForm$MH+0x000000001b002000'
Event: 4453.881 Thread 0x0000000019682d40 Unloading class 0x000000001b001800 'java/lang/invoke/LambdaForm$MH+0x000000001b001800'

Classes redefined (0 events):
No events

Internal exceptions (20 events):
Event: 4406.659 Thread 0x0000000061c8c540 Exception <a 'java/lang/ArrayIndexOutOfBoundsException'{0x00000000d5aa6b50}> (0x00000000d5aa6b50) 
thrown [s\src\hotspot\share\runtime\sharedRuntime.cpp, line 625]
Event: 4407.426 Thread 0x0000000061c8df80 Exception <a 'java/lang/NoSuchMethodError'{0x00000000d588fe38}: 'java.lang.Object java.lang.invoke.DirectMethodHandle$Holder.invokeStatic(java.lang.Object, int, java.lang.Object)'> (0x00000000d588fe38) 
thrown [s\src\hotspot\share\interpreter\linkResolver.cpp, line 773]
Event: 4712.562 Thread 0x0000000061c8d8f0 Implicit null exception at 0x000000000dd427d1 to 0x000000000dd42a48
Event: 4712.567 Thread 0x0000000061c8d8f0 Exception <a 'java/lang/NoSuchMethodError'{0x00000000d5769658}: 'void java.lang.invoke.DirectMethodHandle$Holder.invokeSpecial(java.lang.Object, java.lang.Object, int)'> (0x00000000d5769658) 
thrown [s\src\hotspot\share\interpreter\linkResolver.cpp, line 773]
Event: 4712.630 Thread 0x0000000061c8d8f0 Exception <a 'java/lang/NoSuchMethodError'{0x00000000d576f2c8}: 'int java.lang.invoke.DirectMethodHandle$Holder.invokeVirtual(java.lang.Object, java.lang.Object, java.lang.Object, int)'> (0x00000000d576f2c8) 
thrown [s\src\hotspot\share\interpreter\linkResolver.cpp, line 773]
Event: 4712.758 Thread 0x0000000061c8d8f0 Implicit null exception at 0x000000000e089db9 to 0x000000000e08a049
Event: 4712.758 Thread 0x0000000061c8d8f0 Implicit null exception at 0x000000000db6ec8e to 0x000000000db6ed35
Event: 4721.472 Thread 0x0000000066e43930 Exception <a 'java/lang/IncompatibleClassChangeError'{0x00000000d56f6528}: Found class java.lang.Object, but interface was expected> (0x00000000d56f6528) 
thrown [s\src\hotspot\share\interpreter\linkResolver.cpp, line 840]
Event: 4721.472 Thread 0x0000000066e43930 Implicit null exception at 0x000000000e18dbbc to 0x000000000e18df94
Event: 4721.576 Thread 0x0000000066e43930 Exception <a 'java/lang/ArrayIndexOutOfBoundsException'{0x00000000d5591120}: Index 37452 out of bounds for length 37452> (0x00000000d5591120) 
thrown [s\src\hotspot\share\interpreter\interpreterRuntime.cpp, line 439]
Event: 4721.745 Thread 0x0000000066e43930 Exception <a 'java/lang/ArrayIndexOutOfBoundsException'{0x00000000d56cb8f8}> (0x00000000d56cb8f8) 
thrown [s\src\hotspot\share\runtime\sharedRuntime.cpp, line 625]
Event: 4722.426 Thread 0x0000000066e43930 Exception <a 'java/lang/NoSuchMethodError'{0x00000000d56a8c10}: 'void java.lang.invoke.DirectMethodHandle$Holder.invokeVirtual(java.lang.Object, java.lang.Object, java.lang.Object, java.lang.Object, java.lang.Object)'> (0x00000000d56a8c10) 
thrown [s\src\hotspot\share\interpreter\linkResolver.cpp, line 773]
Event: 4722.529 Thread 0x0000000066e43930 Implicit null exception at 0x000000000e142b89 to 0x000000000e143f14
Event: 4722.599 Thread 0x0000000066e43930 Implicit null exception at 0x000000000e180139 to 0x000000000e180348
Event: 4722.610 Thread 0x0000000061c8d8f0 Implicit null exception at 0x000000000d993e5b to 0x000000000d9945d8
Event: 4722.656 Thread 0x0000000066e43930 Exception <a 'java/lang/IncompatibleClassChangeError'{0x00000000d5652778}: Found class java.lang.Object, but interface was expected> (0x00000000d5652778) 
thrown [s\src\hotspot\share\interpreter\linkResolver.cpp, line 840]
Event: 4722.664 Thread 0x0000000066e43930 Implicit null exception at 0x000000000e466ecb to 0x000000000e467938
Event: 4733.168 Thread 0x0000000066e43930 Exception <a 'java/lang/IncompatibleClassChangeError'{0x00000000d5725848}: Found class java.lang.Object, but interface was expected> (0x00000000d5725848) 
thrown [s\src\hotspot\share\interpreter\linkResolver.cpp, line 840]
Event: 4736.472 Thread 0x000000007a63b4e0 Exception <a 'java/lang/NoSuchMethodError'{0x00000000d577eb00}: 'int java.lang.invoke.DirectMethodHandle$Holder.invokeStaticInit(java.lang.Object, int)'> (0x00000000d577eb00) 
thrown [s\src\hotspot\share\interpreter\linkResolver.cpp, line 773]
Event: 4736.857 Thread 0x0000000061c8d260 Exception <a 'java/lang/ArrayIndexOutOfBoundsException'{0x00000000d5af92b0}: Index 37469 out of bounds for length 37469> (0x00000000d5af92b0) 
thrown [s\src\hotspot\share\interpreter\interpreterRuntime.cpp, line 439]

ZGC Phase Switch (0 events):
No events

VM Operations (20 events):
Event: 4737.264 Executing safepoint VM operation: ParallelGCFailedAllocation (Allocation Failure) done
Event: 4737.360 Executing safepoint VM operation: ParallelGCFailedAllocation (Allocation Failure)
Event: 4737.361 Executing safepoint VM operation: ParallelGCFailedAllocation (Allocation Failure) done
Event: 4737.373 Executing safepoint VM operation: ParallelGCFailedAllocation (Allocation Failure)
Event: 4737.375 Executing safepoint VM operation: ParallelGCFailedAllocation (Allocation Failure) done
Event: 4737.382 Executing safepoint VM operation: ParallelGCFailedAllocation (Allocation Failure)
Event: 4737.384 Executing safepoint VM operation: ParallelGCFailedAllocation (Allocation Failure) done
Event: 4737.396 Executing safepoint VM operation: ParallelGCFailedAllocation (Allocation Failure)
Event: 4737.398 Executing safepoint VM operation: ParallelGCFailedAllocation (Allocation Failure) done
Event: 4737.410 Executing safepoint VM operation: ParallelGCFailedAllocation (Allocation Failure)
Event: 4737.411 Executing safepoint VM operation: ParallelGCFailedAllocation (Allocation Failure) done
Event: 4737.417 Executing safepoint VM operation: ParallelGCFailedAllocation (Allocation Failure)
Event: 4737.419 Executing safepoint VM operation: ParallelGCFailedAllocation (Allocation Failure) done
Event: 4737.425 Executing safepoint VM operation: ParallelGCFailedAllocation (Allocation Failure)
Event: 4737.427 Executing safepoint VM operation: ParallelGCFailedAllocation (Allocation Failure) done
Event: 4737.442 Executing safepoint VM operation: ParallelGCFailedAllocation (Allocation Failure)
Event: 4737.445 Executing safepoint VM operation: ParallelGCFailedAllocation (Allocation Failure) done
Event: 4737.464 Executing safepoint VM operation: ParallelGCFailedAllocation (Allocation Failure)
Event: 4737.466 Executing safepoint VM operation: ParallelGCFailedAllocation (Allocation Failure) done
Event: 4737.512 Executing safepoint VM operation: ParallelGCFailedAllocation (Allocation Failure)

Memory protections (0 events):
No events

Nmethod flushes (20 events):
Event: 4454.137 Thread 0x0000000019682d40 flushing  nmethod 0x0000000006c37b90
Event: 4454.137 Thread 0x0000000019682d40 flushing  nmethod 0x0000000006c3a210
Event: 4454.137 Thread 0x0000000019682d40 flushing  nmethod 0x0000000006c45390
Event: 4454.137 Thread 0x0000000019682d40 flushing  nmethod 0x0000000006c45790
Event: 4454.137 Thread 0x0000000019682d40 flushing  nmethod 0x0000000006c45b90
Event: 4454.137 Thread 0x0000000019682d40 flushing  nmethod 0x0000000006c46a10
Event: 4454.137 Thread 0x0000000019682d40 flushing  nmethod 0x0000000006c47990
Event: 4454.137 Thread 0x0000000019682d40 flushing  nmethod 0x0000000006c4ae90
Event: 4454.137 Thread 0x0000000019682d40 flushing  nmethod 0x0000000006c4d010
Event: 4454.137 Thread 0x0000000019682d40 flushing  nmethod 0x0000000006c4ec10
Event: 4454.137 Thread 0x0000000019682d40 flushing  nmethod 0x0000000006c58510
Event: 4454.137 Thread 0x0000000019682d40 flushing  nmethod 0x0000000006c58f90
Event: 4454.137 Thread 0x0000000019682d40 flushing  nmethod 0x0000000006c5b010
Event: 4454.137 Thread 0x0000000019682d40 flushing  nmethod 0x0000000006c5b490
Event: 4454.137 Thread 0x0000000019682d40 flushing  nmethod 0x0000000006c5c690
Event: 4454.137 Thread 0x0000000019682d40 flushing  nmethod 0x0000000006c5e990
Event: 4454.137 Thread 0x0000000019682d40 flushing  nmethod 0x0000000006c90010
Event: 4454.137 Thread 0x0000000019682d40 flushing  nmethod 0x0000000006c93990
Event: 4454.137 Thread 0x0000000019682d40 flushing  nmethod 0x0000000006c93e10
Event: 4454.137 Thread 0x0000000019682d40 flushing  nmethod 0x0000000006cadb90

Events (20 events):
Event: 4721.956 Thread 0x0000000061c8c540 Thread added: 0x0000000066e42c10
Event: 4724.183 Thread 0x000000005c96c0d0 Thread added: 0x000000006725df30
Event: 4724.553 Thread 0x000000006725df30 Thread exited: 0x000000006725df30
Event: 4724.560 Thread 0x0000000019699490 Thread added: 0x000000006725bd20
Event: 4724.560 Thread 0x0000000019699490 Thread added: 0x000000006725cac0
Event: 4725.161 Thread 0x000000006725cac0 Thread exited: 0x000000006725cac0
Event: 4725.161 Thread 0x000000006725bd20 Thread exited: 0x000000006725bd20
Event: 4725.168 Thread 0x000000005c96c0d0 Thread added: 0x000000006725cac0
Event: 4725.170 Thread 0x000000005c96c0d0 Thread added: 0x000000006725df30
Event: 4730.429 Thread 0x000000006725df30 Thread exited: 0x000000006725df30
Event: 4733.025 Thread 0x000000006725cac0 Thread exited: 0x000000006725cac0
Event: 4733.051 Thread 0x0000000019699490 Thread added: 0x000000006725cac0
Event: 4733.183 Thread 0x0000000019699490 Thread added: 0x000000006725bd20
Event: 4734.706 Thread 0x000000006725bd20 Thread exited: 0x000000006725bd20
Event: 4734.709 Thread 0x000000006725cac0 Thread exited: 0x000000006725cac0
Event: 4734.714 Thread 0x000000005c96c0d0 Thread added: 0x000000006725df30
Event: 4734.714 Thread 0x000000005c96c0d0 Thread added: 0x000000006725bd20
Event: 4735.756 Thread 0x000000006725bd20 Thread exited: 0x000000006725bd20
Event: 4735.787 Thread 0x0000000019699490 Thread added: 0x000000006725bd20
Event: 4736.266 Thread 0x0000000066e43930 Thread added: 0x000000007a63b4e0


Dynamic libraries:
0x00007ff7cb7d0000 - 0x00007ff7cb7de000 	c:\Users\hmfar\.vscode\extensions\redhat.java-1.54.0-win32-x64\jre\21.0.10-win32-x86_64\bin\java.exe
0x00007ffb67aa0000 - 0x00007ffb67d07000 	C:\WINDOWS\SYSTEM32\ntdll.dll
0x00007ffb66a20000 - 0x00007ffb66ae9000 	C:\WINDOWS\System32\KERNEL32.DLL
0x00007ffb65380000 - 0x00007ffb65774000 	C:\WINDOWS\System32\KERNELBASE.dll
0x00007ffb648d0000 - 0x00007ffb64a1b000 	C:\WINDOWS\System32\ucrtbase.dll
0x00007ffb51390000 - 0x00007ffb513a8000 	c:\Users\hmfar\.vscode\extensions\redhat.java-1.54.0-win32-x64\jre\21.0.10-win32-x86_64\bin\jli.dll
0x00007ffb65830000 - 0x00007ffb659f5000 	C:\WINDOWS\System32\USER32.dll
0x00007ffb65290000 - 0x00007ffb652b7000 	C:\WINDOWS\System32\win32u.dll
0x00007ffb66af0000 - 0x00007ffb66b1b000 	C:\WINDOWS\System32\GDI32.dll
0x00007ffb64370000 - 0x00007ffb6449b000 	C:\WINDOWS\System32\gdi32full.dll
0x00007ffb65780000 - 0x00007ffb65823000 	C:\WINDOWS\System32\msvcp_win.dll
0x00007ffb51340000 - 0x00007ffb5135e000 	c:\Users\hmfar\.vscode\extensions\redhat.java-1.54.0-win32-x64\jre\21.0.10-win32-x86_64\bin\VCRUNTIME140.dll
0x00007ffb63570000 - 0x00007ffb63803000 	C:\WINDOWS\WinSxS\amd64_microsoft.windows.common-controls_6595b64144ccf1df_6.0.26100.8115_none_3e075c82e3354f9c\COMCTL32.dll
0x00007ffb66b30000 - 0x00007ffb66bd9000 	C:\WINDOWS\System32\msvcrt.dll
0x00007ffb65a10000 - 0x00007ffb65a42000 	C:\WINDOWS\System32\IMM32.DLL
0x00007ffb63b30000 - 0x00007ffb63b3c000 	c:\Users\hmfar\.vscode\extensions\redhat.java-1.54.0-win32-x64\jre\21.0.10-win32-x86_64\bin\vcruntime140_1.dll
0x00007ffb4d060000 - 0x00007ffb4d0ed000 	c:\Users\hmfar\.vscode\extensions\redhat.java-1.54.0-win32-x64\jre\21.0.10-win32-x86_64\bin\msvcp140.dll
0x00007ffada850000 - 0x00007ffadb5f1000 	c:\Users\hmfar\.vscode\extensions\redhat.java-1.54.0-win32-x64\jre\21.0.10-win32-x86_64\bin\server\jvm.dll
0x00007ffb65d60000 - 0x00007ffb65e16000 	C:\WINDOWS\System32\ADVAPI32.dll
0x00007ffb65ab0000 - 0x00007ffb65b57000 	C:\WINDOWS\System32\sechost.dll
0x00007ffb67930000 - 0x00007ffb67a48000 	C:\WINDOWS\System32\RPCRT4.dll
0x00007ffb65fe0000 - 0x00007ffb66060000 	C:\WINDOWS\System32\WS2_32.dll
0x00007ffb641d0000 - 0x00007ffb6422e000 	C:\WINDOWS\SYSTEM32\POWRPROF.dll
0x00007ffb4cc70000 - 0x00007ffb4cca6000 	C:\WINDOWS\SYSTEM32\WINMM.dll
0x00007ffb50a60000 - 0x00007ffb50a6b000 	C:\WINDOWS\SYSTEM32\VERSION.dll
0x00007ffb641b0000 - 0x00007ffb641c4000 	C:\WINDOWS\SYSTEM32\UMPDC.dll
0x00007ffb627a0000 - 0x00007ffb627bb000 	C:\WINDOWS\SYSTEM32\kernel.appcore.dll
0x00007ffb5d6d0000 - 0x00007ffb5d6da000 	c:\Users\hmfar\.vscode\extensions\redhat.java-1.54.0-win32-x64\jre\21.0.10-win32-x86_64\bin\jimage.dll
0x00007ffb63b40000 - 0x00007ffb63d82000 	C:\WINDOWS\SYSTEM32\DBGHELP.DLL
0x00007ffb66d70000 - 0x00007ffb670f2000 	C:\WINDOWS\System32\combase.dll
0x00007ffb66070000 - 0x00007ffb66148000 	C:\WINDOWS\System32\OLEAUT32.dll
0x00007ffb63a10000 - 0x00007ffb63a4b000 	C:\WINDOWS\SYSTEM32\dbgcore.DLL
0x00007ffb64610000 - 0x00007ffb646b5000 	C:\WINDOWS\System32\bcryptPrimitives.dll
0x00007ffb51330000 - 0x00007ffb5133f000 	c:\Users\hmfar\.vscode\extensions\redhat.java-1.54.0-win32-x64\jre\21.0.10-win32-x86_64\bin\instrument.dll
0x00007ffb4ef10000 - 0x00007ffb4ef30000 	c:\Users\hmfar\.vscode\extensions\redhat.java-1.54.0-win32-x64\jre\21.0.10-win32-x86_64\bin\java.dll
0x00007ffb67100000 - 0x00007ffb67867000 	C:\WINDOWS\System32\SHELL32.dll
0x00007ffb644a0000 - 0x00007ffb6460a000 	C:\WINDOWS\System32\wintypes.dll
0x00007ffb64a20000 - 0x00007ffb65288000 	C:\WINDOWS\System32\windows.storage.dll
0x00007ffb65e20000 - 0x00007ffb65f18000 	C:\WINDOWS\System32\SHCORE.dll
0x00007ffb66150000 - 0x00007ffb661b6000 	C:\WINDOWS\System32\shlwapi.dll
0x00007ffb64290000 - 0x00007ffb642b9000 	C:\WINDOWS\SYSTEM32\profapi.dll
0x00007ffb4eef0000 - 0x00007ffb4ef08000 	c:\Users\hmfar\.vscode\extensions\redhat.java-1.54.0-win32-x64\jre\21.0.10-win32-x86_64\bin\zip.dll
0x00007ffb51320000 - 0x00007ffb51330000 	C:\Users\hmfar\.vscode\extensions\redhat.java-1.54.0-win32-x64\jre\21.0.10-win32-x86_64\bin\net.dll
0x00007ffb54000000 - 0x00007ffb5412d000 	C:\WINDOWS\SYSTEM32\WINHTTP.dll
0x00007ffb62d50000 - 0x00007ffb62dbc000 	C:\WINDOWS\system32\mswsock.dll
0x00007ffb4d720000 - 0x00007ffb4d736000 	C:\Users\hmfar\.vscode\extensions\redhat.java-1.54.0-win32-x64\jre\21.0.10-win32-x86_64\bin\nio.dll
0x00007ffb512c0000 - 0x00007ffb512d0000 	c:\Users\hmfar\.vscode\extensions\redhat.java-1.54.0-win32-x64\jre\21.0.10-win32-x86_64\bin\verify.dll
0x00007ffb447e0000 - 0x00007ffb44825000 	C:\Users\hmfar\AppData\Roaming\Code\User\globalStorage\redhat.java\1.54.0\config_win\org.eclipse.equinox.launcher\org.eclipse.equinox.launcher.win32.win32.x86_64_1.3.0.v20260203-2149\eclipse_11919.dll
0x00007ffb663a0000 - 0x00007ffb66537000 	C:\WINDOWS\System32\ole32.dll
0x00007ffb63e90000 - 0x00007ffb63eab000 	C:\WINDOWS\SYSTEM32\CRYPTSP.dll
0x00007ffb62a90000 - 0x00007ffb62ac9000 	C:\WINDOWS\system32\rsaenh.dll
0x00007ffb62e00000 - 0x00007ffb62e33000 	C:\WINDOWS\SYSTEM32\USERENV.dll
0x00007ffb64260000 - 0x00007ffb6428a000 	C:\WINDOWS\SYSTEM32\bcrypt.dll
0x00007ffb633b0000 - 0x00007ffb633bc000 	C:\WINDOWS\SYSTEM32\CRYPTBASE.dll
0x00007ffb62150000 - 0x00007ffb62182000 	C:\WINDOWS\SYSTEM32\IPHLPAPI.DLL
0x00007ffb65a00000 - 0x00007ffb65a0a000 	C:\WINDOWS\System32\NSI.dll
0x00007ffb3dce0000 - 0x00007ffb3dd29000 	C:\Users\hmfar\AppData\Local\Temp\jna-99394546\jna3959653783482930184.dll
0x00007ffb66be0000 - 0x00007ffb66be8000 	C:\WINDOWS\System32\PSAPI.DLL
0x00007ffb53fe0000 - 0x00007ffb53ffd000 	C:\WINDOWS\SYSTEM32\dhcpcsvc6.DLL
0x00007ffb53fb0000 - 0x00007ffb53fd5000 	C:\WINDOWS\SYSTEM32\dhcpcsvc.DLL
0x00007ffb4d710000 - 0x00007ffb4d71e000 	C:\Users\hmfar\.vscode\extensions\redhat.java-1.54.0-win32-x64\jre\21.0.10-win32-x86_64\bin\sunmscapi.dll
0x00007ffb64750000 - 0x00007ffb648c7000 	C:\WINDOWS\System32\CRYPT32.dll
0x00007ffb63370000 - 0x00007ffb633a0000 	C:\WINDOWS\SYSTEM32\ncrypt.dll
0x00007ffb63320000 - 0x00007ffb6335f000 	C:\WINDOWS\SYSTEM32\NTASN1.dll
0x00007ffb62190000 - 0x00007ffb622c2000 	C:\WINDOWS\SYSTEM32\DNSAPI.dll
0x00007ffb52e40000 - 0x00007ffb52e4b000 	C:\Windows\System32\rasadhlp.dll
0x00007ffb57bf0000 - 0x00007ffb57c76000 	C:\WINDOWS\System32\fwpuclnt.dll
0x00007ffb51310000 - 0x00007ffb51319000 	C:\Users\hmfar\.vscode\extensions\redhat.java-1.54.0-win32-x64\jre\21.0.10-win32-x86_64\bin\extnet.dll

JVMTI agents:
c:\Users\hmfar\.vscode\extensions\redhat.java-1.54.0-win32-x64\lombok\lombok-1.18.39-4050.jar path:c:\Users\hmfar\.vscode\extensions\redhat.java-1.54.0-win32-x64\jre\21.0.10-win32-x86_64\bin\instrument.dll, loaded, initialized, instrumentlib options:none

dbghelp: loaded successfully - version: 4.0.5 - missing functions: none
symbol engine: initialized successfully - sym options: 0x614 - pdb path: .;c:\Users\hmfar\.vscode\extensions\redhat.java-1.54.0-win32-x64\jre\21.0.10-win32-x86_64\bin;C:\WINDOWS\SYSTEM32;C:\WINDOWS\WinSxS\amd64_microsoft.windows.common-controls_6595b64144ccf1df_6.0.26100.8115_none_3e075c82e3354f9c;c:\Users\hmfar\.vscode\extensions\redhat.java-1.54.0-win32-x64\jre\21.0.10-win32-x86_64\bin\server;C:\Users\hmfar\AppData\Roaming\Code\User\globalStorage\redhat.java\1.54.0\config_win\org.eclipse.equinox.launcher\org.eclipse.equinox.launcher.win32.win32.x86_64_1.3.0.v20260203-2149;C:\Users\hmfar\AppData\Local\Temp\jna-99394546

VM Arguments:
jvm_args: --add-modules=ALL-SYSTEM --add-opens=java.base/java.util=ALL-UNNAMED --add-opens=java.base/java.lang=ALL-UNNAMED --add-opens=java.base/sun.nio.fs=ALL-UNNAMED -Declipse.application=org.eclipse.jdt.ls.core.id1 -Dosgi.bundles.defaultStartLevel=4 -Declipse.product=org.eclipse.jdt.ls.core.product -Djava.import.generatesMetadataFilesAtProjectRoot=false -DDetectVMInstallationsJob.disabled=true -Dfile.encoding=utf8 -XX:+UseParallelGC -XX:GCTimeRatio=4 -XX:AdaptiveSizePolicyWeight=90 -Dsun.zip.disableMemoryMapping=true -Xmx2G -Xms100m -Xlog:disable -javaagent:c:\Users\hmfar\.vscode\extensions\redhat.java-1.54.0-win32-x64\lombok\lombok-1.18.39-4050.jar -XX:+HeapDumpOnOutOfMemoryError -XX:HeapDumpPath=c:\Users\hmfar\AppData\Roaming\Code\User\workspaceStorage\b6be3db273aae4f6e34850daa762c5b9\redhat.java -Daether.dependencyCollector.impl=bf 
java_command: c:\Users\hmfar\.vscode\extensions\redhat.java-1.54.0-win32-x64\server\plugins\org.eclipse.equinox.launcher_1.7.100.v20251111-0406.jar -configuration c:\Users\hmfar\AppData\Roaming\Code\User\globalStorage\redhat.java\1.54.0\config_win -data c:\Users\hmfar\AppData\Roaming\Code\User\workspaceStorage\b6be3db273aae4f6e34850daa762c5b9\redhat.java\jdt_ws --pipe=\\.\pipe\lsp-75a88961acbc167515ded8770b4f4139-sock
java_class_path (initial): c:\Users\hmfar\.vscode\extensions\redhat.java-1.54.0-win32-x64\server\plugins\org.eclipse.equinox.launcher_1.7.100.v20251111-0406.jar
Launcher Type: SUN_STANDARD

[Global flags]
    uintx AdaptiveSizePolicyWeight                 = 90                                        {product} {command line}
     intx CICompilerCount                          = 4                                         {product} {ergonomic}
    uintx GCTimeRatio                              = 4                                         {product} {command line}
     bool HeapDumpOnOutOfMemoryError               = true                                   {manageable} {command line}
    ccstr HeapDumpPath                             = c:\Users\hmfar\AppData\Roaming\Code\User\workspaceStorage\b6be3db273aae4f6e34850daa762c5b9\redhat.java         {manageable} {command line}
   size_t InitialHeapSize                          = 104857600                                 {product} {command line}
   size_t MaxHeapSize                              = 2147483648                                {product} {command line}
   size_t MaxNewSize                               = 715653120                                 {product} {ergonomic}
   size_t MinHeapDeltaBytes                        = 524288                                    {product} {ergonomic}
   size_t MinHeapSize                              = 104857600                                 {product} {command line}
   size_t NewSize                                  = 34603008                                  {product} {ergonomic}
    uintx NonNMethodCodeHeapSize                   = 5839372                                {pd product} {ergonomic}
    uintx NonProfiledCodeHeapSize                  = 122909434                              {pd product} {ergonomic}
   size_t OldSize                                  = 70254592                                  {product} {ergonomic}
    uintx ProfiledCodeHeapSize                     = 122909434                              {pd product} {ergonomic}
    uintx ReservedCodeCacheSize                    = 251658240                              {pd product} {ergonomic}
     bool SegmentedCodeCache                       = true                                      {product} {ergonomic}
   size_t SoftMaxHeapSize                          = 2147483648                             {manageable} {ergonomic}
     bool UseCompressedOops                        = true                           {product lp64_product} {ergonomic}
     bool UseLargePagesIndividualAllocation        = false                                  {pd product} {ergonomic}
     bool UseParallelGC                            = true                                      {product} {command line}

Logging:
Log output configuration:
 #0: stdout all=off uptime,level,tags foldmultilines=false
 #1: stderr all=off uptime,level,tags foldmultilines=false

Release file:
JAVA_VERSION="21.0.10" 
MODULES="java.base java.compiler java.datatransfer java.xml java.prefs java.desktop java.instrument java.logging java.management java.security.sasl java.naming java.rmi java.management.rmi java.net.http java.scripting java.security.jgss java.transaction.xa java.sql java.sql.rowset java.xml.crypto java.se java.smartcardio jdk.accessibility jdk.internal.jvmstat jdk.attach jdk.charsets jdk.internal.opt jdk.zipfs jdk.compiler jdk.crypto.ec jdk.crypto.cryptoki jdk.crypto.mscapi jdk.dynalink jdk.internal.ed jdk.editpad jdk.hotspot.agent jdk.httpserver jdk.internal.le jdk.internal.vm.ci jdk.internal.vm.compiler jdk.internal.vm.compiler.management jdk.jartool jdk.javadoc jdk.jcmd jdk.management jdk.management.agent jdk.jconsole jdk.jdeps jdk.jdwp.agent jdk.jdi jdk.jfr jdk.jshell jdk.jsobject jdk.jstatd jdk.localedata jdk.management.jfr jdk.naming.dns jdk.naming.rmi jdk.net jdk.nio.mapmode jdk.random jdk.sctp jdk.security.auth jdk.security.jgss jdk.unsupported jdk.unsupported.desktop jdk.xml.dom" 

Environment Variables:
JAVA_HOME=C:\Program Files\Java\jdk-17
PATH=C:\Users\hmfar\AppData\Local\Programs\Microsoft VS Code;C:\Program Files\Common Files\Oracle\Java\javapath;C:\Program Files\Java\jdk1.8.0_172\bin;C:\Program Files (x86)\Common Files\Intel\Shared Libraries\redist\intel64\compiler;C:\Python311\Scripts\;C:\Python311\;C:\Program Files (x86)\Common Files\Oracle\Java\javapath;C:\WINDOWS\system32;C:\WINDOWS;C:\WINDOWS\System32\Wbem;C:\WINDOWS\System32\WindowsPowerShell\v1.0\;C:\WINDOWS\System32\OpenSSH\;C:\ProgramData\chocolatey\bin;D:\Programming\apache-maven-3.8.6-bin\apache-maven-3.8.6\bin;C:\Program Files\PuTTY\;C:\Program Files\nodejs\;C:\Program Files\Java\jdk-17\bin;C:\Program Files\Java\jdk-11\bin;C:\Program Files\Git\cmd;C:\Program Files\Cloudflare\Cloudflare WARP\;C:\Users\hmfar\AppData\Local\Microsoft\WindowsApps;C:\Users\hmfar\AppData\Local\Programs\Microsoft VS Code\bin;C:\Users\hmfar\AppData\Roaming\npm;
USERNAME=hmfar
OS=Windows_NT
PROCESSOR_IDENTIFIER=Intel64 Family 6 Model 140 Stepping 1, GenuineIntel
TMP=C:\Users\hmfar\AppData\Local\Temp
TEMP=C:\Users\hmfar\AppData\Local\Temp




Periodic native trim disabled

---------------  S Y S T E M  ---------------

OS:
 Windows 11 , 64 bit Build 26100 (10.0.26100.8246)
OS uptime: 10 days 4:47 hours
Hyper-V role detected

CPU: total 8 (initial active 8) (4 cores per cpu, 2 threads per core) family 6 model 140 stepping 1 microcode 0x86, cx8, cmov, fxsr, ht, mmx, 3dnowpref, sse, sse2, sse3, ssse3, sse4.1, sse4.2, popcnt, lzcnt, tsc, tscinvbit, avx, avx2, aes, erms, clmul, bmi1, bmi2, adx, avx512f, avx512dq, avx512cd, avx512bw, avx512vl, sha, fma, vzeroupper, avx512_vpopcntdq, avx512_vpclmulqdq, avx512_vaes, avx512_vnni, clflush, clflushopt, clwb, avx512_vbmi2, avx512_vbmi, hv, rdtscp, rdpid, fsrm, gfni, avx512_bitalg, f16c, cet_ibt, cet_ss, avx512_ifma
Processor Information for the first 8 processors :
  Max Mhz: 3110, Current Mhz: 3110, Mhz Limit: 3110

Memory: 4k page, system-wide physical 7975M (781M free)
TotalPageFile size 26602M (AvailPageFile size 4M)
current process WorkingSet (physical memory assigned to process): 491M, peak: 491M
current process commit charge ("private bytes"): 641M, peak: 667M

vm_info: OpenJDK 64-Bit Server VM (21.0.10+7-LTS) for windows-amd64 JRE (21.0.10+7-LTS), built on 2026-01-20T00:00:00Z by "admin" with MS VC++ 17.12 (VS2022)

END.
